###############################################################################
#
# IAR ELF Linker V9.20.1.318/W64 for ARM                  08/Jan/2022  00:15:12
# Copyright 2007-2021 IAR Systems AB.
#
#    Output file  =
#        E:\ARM & AUTOSAR\Port Driver\Dio Driver Autosar
#        Driver\Debug\Exe\Dio.out
#    Map file     =
#        E:\ARM & AUTOSAR\Port Driver\Dio Driver Autosar
#        Driver\Debug\List\Dio.map
#    Command line =
#        -f "E:\ARM & AUTOSAR\Port Driver\Dio Driver Autosar
#        Driver\Debug\Exe\Dio.out.rsp" ("E:\ARM & AUTOSAR\Port Driver\Dio
#        Driver Autosar Driver\Debug\Obj\Det.o" "E:\ARM & AUTOSAR\Port
#        Driver\Dio Driver Autosar Driver\Debug\Obj\Dio.o" "E:\ARM &
#        AUTOSAR\Port Driver\Dio Driver Autosar Driver\Debug\Obj\Dio_PBcfg.o"
#        "E:\ARM & AUTOSAR\Port Driver\Dio Driver Autosar
#        Driver\Debug\Obj\main.o" --no_out_extension -o "E:\ARM & AUTOSAR\Port
#        Driver\Dio Driver Autosar Driver\Debug\Exe\Dio.out" --redirect
#        _Printf=_PrintfFullNoMb --redirect _Scanf=_ScanfFullNoMb --map "E:\ARM
#        & AUTOSAR\Port Driver\Dio Driver Autosar Driver\Debug\List\Dio.map"
#        --config "C:\Program Files\IAR Systems\Embedded Workbench
#        9.0\arm\config\linker\TexasInstruments\TM4C123GH6.icf" --semihosting
#        --entry __iar_program_start --vfe --text_out locale)
#
###############################################################################

*******************************************************************************
*** RUNTIME MODEL ATTRIBUTES
***

CppFlavor       = *
__CPP_Runtime   = 1
__SystemLibrary = DLib
__dlib_version  = 6


*******************************************************************************
*** HEAP SELECTION
***

The basic heap was selected because some modules are built with
size limitations (and not runtime checking), and --advanced_heap
was not specified.


*******************************************************************************
*** PLACEMENT SUMMARY
***

"A0":  place at address 0x0 { ro section .intvec };
"P1":  place in [from 0x0 to 0x3'ffff] { ro };
define block CSTACK with size = 4K, alignment = 8 { };
define block HEAP with size = 8K, alignment = 8 { };
"P2":  place in [from 0x2000'0000 to 0x2000'7fff] {
          rw, block CSTACK, block HEAP };

  Section          Kind         Address    Size  Object
  -------          ----         -------    ----  ------
"A0":                                      0x40
  .intvec          ro code          0x0    0x40  vector_table_M.o [4]
                                 - 0x40    0x40

"P1":                                     0xa28
  .text            ro code         0x40   0x368  main.o [1]
  .text            ro code        0x3a8   0x270  Dio.o [1]
  .text            ro code        0x618    0x24  ABIassert.o [5]
  .text            ro code        0x63c    0x28  Det.o [1]
  .text            ro code        0x664     0x6  abort.o [2]
  .text            ro code        0x66a     0x2  vectortrap_M.o [4]
  .text            ro code        0x66c    0x14  exit.o [5]
  .rodata          const          0x680    0x40  main.o [1]
  .rodata          const          0x6c0    0x40  main.o [1]
  .rodata          const          0x700    0x40  main.o [1]
  .rodata          const          0x740    0x40  main.o [1]
  .rodata          const          0x780    0x40  main.o [1]
  .rodata          const          0x7c0    0x40  main.o [1]
  .rodata          const          0x800    0x40  main.o [1]
  .rodata          const          0x840    0x40  main.o [1]
  .rodata          const          0x880    0x40  main.o [1]
  .text            ro code        0x8c0    0x38  zero_init3.o [4]
  .rodata          const          0x8f8    0x28  main.o [1]
  .rodata          const          0x920    0x28  main.o [1]
  .rodata          const          0x948    0x28  main.o [1]
  .text            ro code        0x970    0x28  data_init.o [4]
  .rodata          const          0x998    0x24  main.o [1]
  .text            ro code        0x9bc    0x22  fpinit_M.o [3]
  .iar.init_table  const          0x9e0    0x10  - Linker created -
  .rodata          const          0x9f0    0x20  main.o [1]
  .text            ro code        0xa10    0x1e  cmain.o [4]
  .text            ro code        0xa2e     0x4  low_level_init.o [2]
  .text            ro code        0xa32     0x4  exit.o [2]
  .text            ro code        0xa38     0xa  cexit.o [4]
  .text            ro code        0xa44    0x1c  cstartup_M.o [4]
  .rodata          const          0xa60     0x8  Dio_PBcfg.o [1]
  .rodata          const          0xa68     0x0  zero_init3.o [4]
                                - 0xa68   0xa28

"P2", part 1 of 2:                          0xc
  .bss             zero     0x2000'0000     0x4  Dio.o [1]
  .bss             zero     0x2000'0004     0x2  Det.o [1]
  .bss             zero     0x2000'0006     0x1  Det.o [1]
  .bss             zero     0x2000'0007     0x1  Det.o [1]
  .bss             zero     0x2000'0008     0x1  Det.o [1]
  .bss             zero     0x2000'0009     0x1  Dio.o [1]
                          - 0x2000'000a     0xa

"P2", part 2 of 2:                       0x1000
  CSTACK                    0x2000'0010  0x1000  <Block>
    CSTACK         uninit   0x2000'0010  0x1000  <Block tail>
                          - 0x2000'1010  0x1000

Unused ranges:

         From           To      Size
         ----           --      ----
        0xa68     0x3'ffff  0x3'f598
  0x2000'000c  0x2000'000f       0x4
  0x2000'1010  0x2000'7fff    0x6ff0


*******************************************************************************
*** INIT TABLE
***

          Address      Size
          -------      ----
Zero (__iar_zero_init3)
    1 destination range, total size 0xa:
          0x2000'0000   0xa



*******************************************************************************
*** MODULE SUMMARY
***

    Module            ro code  ro data  rw data
    ------            -------  -------  -------
command line/config:
    -------------------------------------------
    Total:

E:\ARM & AUTOSAR\Port Driver\Dio Driver Autosar Driver\Debug\Obj: [1]
    Det.o                  40                 5
    Dio.o                 624                 5
    Dio_PBcfg.o                      8
    main.o                872      764
    -------------------------------------------
    Total:              1'536      772       10

dl7M_tln.a: [2]
    abort.o                 6
    exit.o                  4
    low_level_init.o        4
    -------------------------------------------
    Total:                 14

m7M_tls.a: [3]
    fpinit_M.o             34
    -------------------------------------------
    Total:                 34

rt7M_tl.a: [4]
    cexit.o                10
    cmain.o                30
    cstartup_M.o           28
    data_init.o            40
    vector_table_M.o       64
    vectortrap_M.o          2
    zero_init3.o           56
    -------------------------------------------
    Total:                230

shb_l.a: [5]
    ABIassert.o            36
    exit.o                 20
    -------------------------------------------
    Total:                 56

    Gaps                    4        2
    Linker created                  16    4'096
-----------------------------------------------
    Grand Total:        1'874      790    4'106


*******************************************************************************
*** ENTRY LIST
***

Entry                       Address  Size  Type      Object
-----                       -------  ----  ----      ------
.iar.init_table$$Base         0x9e0         --   Gb  - Linker created -
.iar.init_table$$Limit        0x9f0         --   Gb  - Linker created -
?main                         0xa11        Code  Gb  cmain.o [4]
BusFault_Handler              0x66b        Code  Wk  vectortrap_M.o [4]
CSTACK$$Base            0x2000'0010         --   Gb  - Linker created -
CSTACK$$Limit           0x2000'1010         --   Gb  - Linker created -
DebugMon_Handler              0x66b        Code  Wk  vectortrap_M.o [4]
Det_ApiId               0x2000'0007   0x1  Data  Gb  Det.o [1]
Det_ErrorId             0x2000'0008   0x1  Data  Gb  Det.o [1]
Det_InstanceId          0x2000'0006   0x1  Data  Gb  Det.o [1]
Det_ModuleId            0x2000'0004   0x2  Data  Gb  Det.o [1]
Det_ReportError               0x63d  0x28  Code  Gb  Det.o [1]
Det_TestLastReportError
                               0x41  0x4c  Code  Gb  main.o [1]
Dio_Configuration             0xa60   0x8  Data  Gb  Dio_PBcfg.o [1]
Dio_FlipChannel               0x539  0xc0  Code  Gb  Dio.o [1]
Dio_GetVersionInfo            0x50d  0x2c  Code  Gb  Dio.o [1]
Dio_Init                      0x3a9  0x20  Code  Gb  Dio.o [1]
Dio_PortChannels        0x2000'0000   0x4  Data  Lc  Dio.o [1]
Dio_ReadChannel               0x47b  0x92  Code  Gb  Dio.o [1]
Dio_Status              0x2000'0009   0x1  Data  Lc  Dio.o [1]
Dio_WriteChannel              0x3c9  0xb2  Code  Gb  Dio.o [1]
GPIO_Pins_Init                0x29f  0x68  Code  Gb  main.o [1]
HardFault_Handler             0x66b        Code  Wk  vectortrap_M.o [4]
MemManage_Handler             0x66b        Code  Wk  vectortrap_M.o [4]
NMI_Handler                   0x66b        Code  Wk  vectortrap_M.o [4]
PendSV_Handler                0x66b        Code  Wk  vectortrap_M.o [4]
Region$$Table$$Base           0x9e0         --   Gb  - Linker created -
Region$$Table$$Limit          0x9f0         --   Gb  - Linker created -
SVC_Handler                   0x66b        Code  Wk  vectortrap_M.o [4]
SysTick_Handler               0x66b        Code  Wk  vectortrap_M.o [4]
TestCase1                      0x8d  0x72  Code  Gb  main.o [1]
TestCase2                      0xff  0x4c  Code  Gb  main.o [1]
TestCase3                     0x14b  0x72  Code  Gb  main.o [1]
TestCase4                     0x1bd  0x7a  Code  Gb  main.o [1]
TestCase5                     0x237  0x36  Code  Gb  main.o [1]
TestCase6                     0x26d  0x32  Code  Gb  main.o [1]
UsageFault_Handler            0x66b        Code  Wk  vectortrap_M.o [4]
__aeabi_assert                0x619  0x24  Code  Gb  ABIassert.o [5]
__cmain                       0xa11        Code  Gb  cmain.o [4]
__exit                        0x66d  0x14  Code  Gb  exit.o [5]
__iar_data_init3              0x971  0x28  Code  Gb  data_init.o [4]
__iar_init_vfp                0x9bd        Code  Gb  fpinit_M.o [3]
__iar_program_start           0xa45        Code  Gb  cstartup_M.o [4]
__iar_zero_init3              0x8c1  0x38  Code  Gb  zero_init3.o [4]
__low_level_init              0xa2f   0x4  Code  Gb  low_level_init.o [2]
__vector_table                  0x0        Data  Gb  vector_table_M.o [4]
_call_main                    0xa1d        Code  Gb  cmain.o [4]
_exit                         0xa39        Code  Gb  cexit.o [4]
abort                         0x665   0x6  Code  Gb  abort.o [2]
exit                          0xa33   0x4  Code  Gb  exit.o [2]
main                          0x307  0x28  Code  Gb  main.o [1]


[1] = E:\ARM & AUTOSAR\Port Driver\Dio Driver Autosar Driver\Debug\Obj
[2] = dl7M_tln.a
[3] = m7M_tls.a
[4] = rt7M_tl.a
[5] = shb_l.a

  1'874 bytes of readonly  code memory
    790 bytes of readonly  data memory
  4'106 bytes of readwrite data memory

Errors: none
Warnings: none
