###############################################################################
#
# IAR ELF Linker V9.20.1.318/W64 for ARM                  07/Jan/2022  20:34:38
# Copyright 2007-2021 IAR Systems AB.
#
#    Output file  =
#        E:\ARM & AUTOSAR\Port Driver\Port Driver Autosar
#        Driver\Debug\Exe\Port_Driver.out
#    Map file     =
#        E:\ARM & AUTOSAR\Port Driver\Port Driver Autosar
#        Driver\Debug\List\Port_Driver.map
#    Command line =
#        -f "E:\ARM & AUTOSAR\Port Driver\Port Driver Autosar
#        Driver\Debug\Exe\Port_Driver.out.rsp" ("E:\ARM & AUTOSAR\Port
#        Driver\Port Driver Autosar Driver\Debug\Obj\Det.o" "E:\ARM &
#        AUTOSAR\Port Driver\Port Driver Autosar Driver\Debug\Obj\main.o"
#        "E:\ARM & AUTOSAR\Port Driver\Port Driver Autosar
#        Driver\Debug\Obj\Port.o" "E:\ARM & AUTOSAR\Port Driver\Port Driver
#        Autosar Driver\Debug\Obj\Port_PBcfg.o" --no_out_extension -o "E:\ARM &
#        AUTOSAR\Port Driver\Port Driver Autosar
#        Driver\Debug\Exe\Port_Driver.out" --redirect _Printf=_PrintfFullNoMb
#        --redirect _Scanf=_ScanfFullNoMb --map "E:\ARM & AUTOSAR\Port
#        Driver\Port Driver Autosar Driver\Debug\List\Port_Driver.map" --config
#        "C:\Program Files\IAR Systems\Embedded Workbench
#        9.0\arm\config\linker\TexasInstruments\TM4C123GH6.icf" --semihosting
#        --entry __iar_program_start --vfe --text_out locale)
#
###############################################################################

*******************************************************************************
*** RUNTIME MODEL ATTRIBUTES
***

CppFlavor       = *
__CPP_Runtime   = 1
__SystemLibrary = DLib
__dlib_version  = 6


*******************************************************************************
*** HEAP SELECTION
***

The basic heap was selected because some modules are built with
size limitations (and not runtime checking), and --advanced_heap
was not specified.


*******************************************************************************
*** PLACEMENT SUMMARY
***

"A0":  place at address 0x0 { ro section .intvec };
"P1":  place in [from 0x0 to 0x3'ffff] { ro };
define block CSTACK with size = 4K, alignment = 8 { };
define block HEAP with size = 8K, alignment = 8 { };
"P2":  place in [from 0x2000'0000 to 0x2000'7fff] {
          rw, block CSTACK, block HEAP };

  Section          Kind         Address    Size  Object
  -------          ----         -------    ----  ------
"A0":                                      0x40
  .intvec          ro code          0x0    0x40  vector_table_M.o [4]
                                 - 0x40    0x40

"P1":                                    0x1a68
  .text            ro code         0x40  0x12d0  Port.o [1]
  .text            ro code       0x1310    0x28  Det.o [1]
  .text            ro code       0x1338   0x234  main.o [1]
  .text            ro code       0x156c    0x24  ABIassert.o [5]
  .text            ro code       0x1590     0x6  abort.o [2]
  .text            ro code       0x1596     0x2  vectortrap_M.o [4]
  .text            ro code       0x1598    0x14  exit.o [5]
  .rodata          const         0x15ac   0x158  Port_PBcfg.o [1]
  .rodata          const         0x1704    0x40  main.o [1]
  .rodata          const         0x1744    0x40  main.o [1]
  .rodata          const         0x1784    0x40  main.o [1]
  .rodata          const         0x17c4    0x40  main.o [1]
  .rodata          const         0x1804    0x40  main.o [1]
  .rodata          const         0x1844    0x40  main.o [1]
  .rodata          const         0x1884    0x40  main.o [1]
  .rodata          const         0x18c4    0x40  main.o [1]
  .rodata          const         0x1904    0x40  main.o [1]
  .rodata          const         0x1944    0x40  main.o [1]
  .rodata          const         0x1984    0x40  main.o [1]
  .text            ro code       0x19c4    0x38  zero_init3.o [4]
  .text            ro code       0x19fc    0x28  data_init.o [4]
  .text            ro code       0x1a24    0x22  fpinit_M.o [3]
  .iar.init_table  const         0x1a48    0x10  - Linker created -
  .text            ro code       0x1a58    0x1e  cmain.o [4]
  .text            ro code       0x1a76     0x4  low_level_init.o [2]
  .text            ro code       0x1a7a     0x4  exit.o [2]
  .text            ro code       0x1a80     0xa  cexit.o [4]
  .text            ro code       0x1a8c    0x1c  cstartup_M.o [4]
  .rodata          const         0x1aa8     0x0  zero_init3.o [4]
                               - 0x1aa8  0x1a68

"P2", part 1 of 2:                          0xc
  .bss             zero     0x2000'0000     0x4  Port.o [1]
  .bss             zero     0x2000'0004     0x2  Det.o [1]
  .bss             zero     0x2000'0006     0x1  Det.o [1]
  .bss             zero     0x2000'0007     0x1  Det.o [1]
  .bss             zero     0x2000'0008     0x1  Det.o [1]
  .bss             zero     0x2000'0009     0x1  Port.o [1]
                          - 0x2000'000a     0xa

"P2", part 2 of 2:                       0x1000
  CSTACK                    0x2000'0010  0x1000  <Block>
    CSTACK         uninit   0x2000'0010  0x1000  <Block tail>
                          - 0x2000'1010  0x1000

Unused ranges:

         From           To      Size
         ----           --      ----
       0x1aa8     0x3'ffff  0x3'e558
  0x2000'000c  0x2000'000f       0x4
  0x2000'1010  0x2000'7fff    0x6ff0


*******************************************************************************
*** INIT TABLE
***

          Address      Size
          -------      ----
Zero (__iar_zero_init3)
    1 destination range, total size 0xa:
          0x2000'0000   0xa



*******************************************************************************
*** MODULE SUMMARY
***

    Module            ro code  ro data  rw data
    ------            -------  -------  -------
command line/config:
    -------------------------------------------
    Total:

E:\ARM & AUTOSAR\Port Driver\Port Driver Autosar Driver\Debug\Obj: [1]
    Det.o                  40                 5
    Port.o              4'816                 5
    Port_PBcfg.o                   344
    main.o                564      704
    -------------------------------------------
    Total:              5'420    1'048       10

dl7M_tln.a: [2]
    abort.o                 6
    exit.o                  4
    low_level_init.o        4
    -------------------------------------------
    Total:                 14

m7M_tls.a: [3]
    fpinit_M.o             34
    -------------------------------------------
    Total:                 34

rt7M_tl.a: [4]
    cexit.o                10
    cmain.o                30
    cstartup_M.o           28
    data_init.o            40
    vector_table_M.o       64
    vectortrap_M.o          2
    zero_init3.o           56
    -------------------------------------------
    Total:                230

shb_l.a: [5]
    ABIassert.o            36
    exit.o                 20
    -------------------------------------------
    Total:                 56

    Gaps                    4        2
    Linker created                  16    4'096
-----------------------------------------------
    Grand Total:        5'758    1'066    4'106


*******************************************************************************
*** ENTRY LIST
***

Entry                       Address   Size  Type      Object
-----                       -------   ----  ----      ------
.iar.init_table$$Base        0x1a48          --   Gb  - Linker created -
.iar.init_table$$Limit       0x1a58          --   Gb  - Linker created -
?main                        0x1a59         Code  Gb  cmain.o [4]
BusFault_Handler             0x1597         Code  Wk  vectortrap_M.o [4]
CSTACK$$Base            0x2000'0010          --   Gb  - Linker created -
CSTACK$$Limit           0x2000'1010          --   Gb  - Linker created -
DebugMon_Handler             0x1597         Code  Wk  vectortrap_M.o [4]
Det_ApiId               0x2000'0007    0x1  Data  Gb  Det.o [1]
Det_ErrorId             0x2000'0008    0x1  Data  Gb  Det.o [1]
Det_InstanceId          0x2000'0006    0x1  Data  Gb  Det.o [1]
Det_ModuleId            0x2000'0004    0x2  Data  Gb  Det.o [1]
Det_ReportError              0x1311   0x28  Code  Gb  Det.o [1]
Det_TestLastReportError
                             0x1339   0x4c  Code  Gb  main.o [1]
HardFault_Handler            0x1597         Code  Wk  vectortrap_M.o [4]
MemManage_Handler            0x1597         Code  Wk  vectortrap_M.o [4]
NMI_Handler                  0x1597         Code  Wk  vectortrap_M.o [4]
PendSV_Handler               0x1597         Code  Wk  vectortrap_M.o [4]
Port_Channels           0x2000'0000    0x4  Data  Lc  Port.o [1]
Port_Configuration           0x15ac  0x158  Data  Gb  Port_PBcfg.o [1]
Port_GetVersionInfo           0xb81   0x2c  Code  Gb  Port.o [1]
Port_Init                      0x41  0x96c  Code  Gb  Port.o [1]
Port_RefreshPortDirection
                              0xa8b   0xd0  Code  Gb  Port.o [1]
Port_SetPinDirection          0x9ad   0xde  Code  Gb  Port.o [1]
Port_SetPinMode               0xbad  0x746  Code  Gb  Port.o [1]
Port_Status             0x2000'0009    0x1  Data  Gb  Port.o [1]
Region$$Table$$Base          0x1a48          --   Gb  - Linker created -
Region$$Table$$Limit         0x1a58          --   Gb  - Linker created -
SVC_Handler                  0x1597         Code  Wk  vectortrap_M.o [4]
SysTick_Handler              0x1597         Code  Wk  vectortrap_M.o [4]
TestCase1                    0x1385   0x4c  Code  Gb  main.o [1]
TestCase2                    0x13d1   0x72  Code  Gb  main.o [1]
TestCase3                    0x1443   0x50  Code  Gb  main.o [1]
TestCase4                    0x1493   0x2a  Code  Gb  main.o [1]
TestCase5                    0x14bd   0x50  Code  Gb  main.o [1]
UsageFault_Handler           0x1597         Code  Wk  vectortrap_M.o [4]
__aeabi_assert               0x156d   0x24  Code  Gb  ABIassert.o [5]
__cmain                      0x1a59         Code  Gb  cmain.o [4]
__exit                       0x1599   0x14  Code  Gb  exit.o [5]
__iar_data_init3             0x19fd   0x28  Code  Gb  data_init.o [4]
__iar_init_vfp               0x1a25         Code  Gb  fpinit_M.o [3]
__iar_program_start          0x1a8d         Code  Gb  cstartup_M.o [4]
__iar_zero_init3             0x19c5   0x38  Code  Gb  zero_init3.o [4]
__low_level_init             0x1a77    0x4  Code  Gb  low_level_init.o [2]
__vector_table                  0x0         Data  Gb  vector_table_M.o [4]
_call_main                   0x1a65         Code  Gb  cmain.o [4]
_exit                        0x1a81         Code  Gb  cexit.o [4]
abort                        0x1591    0x6  Code  Gb  abort.o [2]
exit                         0x1a7b    0x4  Code  Gb  exit.o [2]
main                         0x150d   0x1e  Code  Gb  main.o [1]


[1] = E:\ARM & AUTOSAR\Port Driver\Port Driver Autosar Driver\Debug\Obj
[2] = dl7M_tln.a
[3] = m7M_tls.a
[4] = rt7M_tl.a
[5] = shb_l.a

  5'758 bytes of readonly  code memory
  1'066 bytes of readonly  data memory
  4'106 bytes of readwrite data memory

Errors: none
Warnings: none
